=== dmesg Access Test ===
Kata VM (separate kernel boot logs):
[    0.000000] Linux version 6.18.15 (@cc3ea47c641d) (gcc (Ubuntu 11.4.0-1ubuntu1~22.04.3) 11.4.0, GNU ld (GNU Binutils for Ubuntu) 2.38) #1 SMP Tue Mar 17 01:39:00 UTC 2026
[    0.000000] Command line: tsc=reliable no_timer_check rcupdate.rcu_expedited=1 i8042.direct=1 i8042.dumbkbd=1 i8042.nopnp=1 i8042.noaux=1 noreplace-smp reboot=k cryptomgr.notests net.ifnames=0 pci=lastbus=0 root=/dev/pmem0p1 rootflags=dax,data=ordered,errors=remount-ro ro rootfstype=ext4 console=hvc0 console=hvc1 quiet systemd.show_status=false panic=1 nr_cpus=12 selinux=0 systemd.unit=kata-containers.target systemd.mask=systemd-networkd.service systemd.mask=systemd-networkd.socket scsi_mod.scan=none agent.cdh_api_timeout=50 cgroup_no_v1=all systemd.unified_cgroup_hierarchy=1
[    0.000000] x86 CPU feature dependency check failure: CPU0 has '18*32+31' enabled but '18*32+26' disabled. Kernel might be fine, but no guarantees.
[    0.000000] BIOS-provided physical RAM map:
[    0.000000] BIOS-e820: [mem 0x0000000000000000-0x000000000009fbff] usable
